asmae@asmae-ThinkPad-T440:~$ mkdir gitdir
asmae@asmae-ThinkPad-T440:~$ cd gitdir
asmae@asmae-ThinkPad-T440:~/gitdir$ git init
Le programme « git » n'est pas encore installé. Vous pouvez l'installer en tapant :
sudo apt install git
asmae@asmae-ThinkPad-T440:~/gitdir$ sudo apt install git
[sudo] Mot de passe de asmae : 
Lecture des listes de paquets... Fait
Construction de l'arbre des dépendances       
Lecture des informations d'état... Fait
The following additional packages will be installed:
  git-man liberror-perl
Paquets suggérés :
  git-daemon-run | git-daemon-sysvinit git-doc git-el git-email git-gui gitk
  gitweb git-arch git-cvs git-mediawiki git-svn
Les NOUVEAUX paquets suivants seront installés :
  git git-man liberror-perl
0 mis à jour, 3 nouvellement installés, 0 à enlever et 403 non mis à jour.
Il est nécessaire de prendre 3 857 ko dans les archives.
Après cette opération, 25,6 Mo d'espace disque supplémentaires seront utilisés.
Souhaitez-vous continuer ? [O/n] o
Réception de:1 http://ua.archive.ubuntu.com/ubuntu xenial/main amd64 liberror-perl all 0.17-1.2 [19,6 kB]
Réception de:2 http://ua.archive.ubuntu.com/ubuntu xenial-updates/main amd64 git-man all 1:2.7.4-0ubuntu1.3 [736 kB]
Réception de:3 http://ua.archive.ubuntu.com/ubuntu xenial-updates/main amd64 git amd64 1:2.7.4-0ubuntu1.3 [3 102 kB]
3 857 ko réceptionnés en 10s (379 ko/s)                                        
Sélection du paquet liberror-perl précédemment désélectionné.
(Lecture de la base de données... 188025 fichiers et répertoires déjà installés.)
Préparation du dépaquetage de .../liberror-perl_0.17-1.2_all.deb ...
Dépaquetage de liberror-perl (0.17-1.2) ...
Sélection du paquet git-man précédemment désélectionné.
Préparation du dépaquetage de .../git-man_1%3a2.7.4-0ubuntu1.3_all.deb ...
Dépaquetage de git-man (1:2.7.4-0ubuntu1.3) ...
Sélection du paquet git précédemment désélectionné.
Préparation du dépaquetage de .../git_1%3a2.7.4-0ubuntu1.3_amd64.deb ...
Dépaquetage de git (1:2.7.4-0ubuntu1.3) ...
Traitement des actions différées (« triggers ») pour man-db (2.7.5-1) ...
Paramétrage de liberror-perl (0.17-1.2) ...
Paramétrage de git-man (1:2.7.4-0ubuntu1.3) ...
Paramétrage de git (1:2.7.4-0ubuntu1.3) ...
asmae@asmae-ThinkPad-T440:~/gitdir$ git init
Dépôt Git vide initialisé dans /home/asmae/gitdir/.git/
asmae@asmae-ThinkPad-T440:~/gitdir$ snoussi
snoussi : commande introuvable
asmae@asmae-ThinkPad-T440:~/gitdir$ mkdir snoussi
asmae@asmae-ThinkPad-T440:~/gitdir$ cd snoussi
asmae@asmae-ThinkPad-T440:~/gitdir/snoussi$ cd..
cd.. : commande introuvable
asmae@asmae-ThinkPad-T440:~/gitdir/snoussi$ cd ..
asmae@asmae-ThinkPad-T440:~/gitdir$ ls
snoussi
asmae@asmae-ThinkPad-T440:~/gitdir$ git clone https://github.com/hep2018kyiv/hep2018kyiv.git
Clonage dans 'hep2018kyiv'...
warning: Vous semblez avoir cloné un dépôt vide.
Vérification de la connectivité... fait.
asmae@asmae-ThinkPad-T440:~/gitdir$ ls
hep2018kyiv  snoussi
asmae@asmae-ThinkPad-T440:~/gitdir$ cd hep2018kyiv/
asmae@asmae-ThinkPad-T440:~/gitdir/hep2018kyiv$ ls
asmae@asmae-ThinkPad-T440:~/gitdir/hep2018kyiv$ 

